// Jest Snapshot v1, https://goo.gl/fbAQLP

exports[`CoinRank should render correctly with no props 1`] = `
<h1>
  No coins available
</h1>
`;

exports[`CoinRank should render pair list with 10 items with given props 1`] = `
<CoinsList
  pairs={
    Array [
      Object {
        "baseVolume": "0.05158213",
        "high24hr": "0.00000167",
        "highestBid": "0.00000159",
        "id": 14,
        "isFrozen": "0",
        "last": "0.00000160",
        "low24hr": "0.00000160",
        "lowestAsk": "0.00000161",
        "pair": "BTC_BTS",
        "percentChange": "-0.01840491",
        "quoteVolume": "31682.25464412",
        "rank": 1,
      },
      Object {
        "baseVolume": "0.99315001",
        "high24hr": "0.00588997",
        "highestBid": "0.00578030",
        "id": 24,
        "isFrozen": "0",
        "last": "0.00578500",
        "low24hr": "0.00578540",
        "lowestAsk": "0.00579220",
        "pair": "BTC_DASH",
        "percentChange": "-0.00640128",
        "quoteVolume": "170.11597312",
        "rank": 2,
      },
      Object {
        "baseVolume": "0.44241715",
        "high24hr": "0.00000023",
        "highestBid": "0.00000022",
        "id": 27,
        "isFrozen": "0",
        "last": "0.00000022",
        "low24hr": "0.00000022",
        "lowestAsk": "0.00000023",
        "pair": "BTC_DOGE",
        "percentChange": "0.00000000",
        "quoteVolume": "1987691.67334738",
        "rank": 3,
      },
      Object {
        "baseVolume": "20.82957180",
        "high24hr": "0.00416916",
        "highestBid": "0.00411297",
        "id": 50,
        "isFrozen": "0",
        "last": "0.00411753",
        "low24hr": "0.00409798",
        "lowestAsk": "0.00411799",
        "pair": "BTC_LTC",
        "percentChange": "-0.00604935",
        "quoteVolume": "5039.72562179",
        "rank": 4,
      },
      Object {
        "baseVolume": "0.29210100",
        "high24hr": "0.00000085",
        "highestBid": "0.00000081",
        "id": 69,
        "isFrozen": "0",
        "last": "0.00000081",
        "low24hr": "0.00000080",
        "lowestAsk": "0.00000083",
        "pair": "BTC_NXT",
        "percentChange": "-0.04705882",
        "quoteVolume": "354087.56638949",
        "rank": 5,
      },
      Object {
        "baseVolume": "9.69934340",
        "high24hr": "0.00000749",
        "highestBid": "0.00000746",
        "id": 89,
        "isFrozen": "0",
        "last": "0.00000745",
        "low24hr": "0.00000690",
        "lowestAsk": "0.00000748",
        "pair": "BTC_STR",
        "percentChange": "0.05673758",
        "quoteVolume": "1334013.13430447",
        "rank": 6,
      },
      Object {
        "baseVolume": "4.58133415",
        "high24hr": "0.00001004",
        "highestBid": "0.00000965",
        "id": 112,
        "isFrozen": "0",
        "last": "0.00000966",
        "low24hr": "0.00000945",
        "lowestAsk": "0.00000972",
        "pair": "BTC_XEM",
        "percentChange": "-0.02522704",
        "quoteVolume": "478795.07594177",
        "rank": 7,
      },
      Object {
        "baseVolume": "38.18800532",
        "high24hr": "0.01104392",
        "highestBid": "0.01092296",
        "id": 114,
        "isFrozen": "0",
        "last": "0.01093716",
        "low24hr": "0.01053469",
        "lowestAsk": "0.01094320",
        "pair": "BTC_XMR",
        "percentChange": "0.02289198",
        "quoteVolume": "3548.40670487",
        "rank": 8,
      },
      Object {
        "baseVolume": "75.39761485",
        "high24hr": "0.00002166",
        "highestBid": "0.00002132",
        "id": 117,
        "isFrozen": "0",
        "last": "0.00002133",
        "low24hr": "0.00002100",
        "lowestAsk": "0.00002134",
        "pair": "BTC_XRP",
        "percentChange": "0.00755786",
        "quoteVolume": "3541841.20904829",
        "rank": 9,
      },
      Object {
        "baseVolume": "9186955.91173739",
        "high24hr": "11664.26620000",
        "highestBid": "11651.19886042",
        "id": 121,
        "isFrozen": "0",
        "last": "11651.19886042",
        "low24hr": "11408.81900337",
        "lowestAsk": "11651.45335770",
        "pair": "USDT_BTC",
        "percentChange": "0.01962941",
        "quoteVolume": "799.79143287",
        "rank": 10,
      },
      Object {
        "baseVolume": "5179.81789741",
        "high24hr": "67.39396291",
        "highestBid": "67.38610356",
        "id": 122,
        "isFrozen": "0",
        "last": "67.28825895",
        "low24hr": "66.34829276",
        "lowestAsk": "67.44468731",
        "pair": "USDT_DASH",
        "percentChange": "0.00973391",
        "quoteVolume": "77.39927563",
        "rank": 11,
      },
      Object {
        "baseVolume": "275380.51672451",
        "high24hr": "48.06005758",
        "highestBid": "47.93898219",
        "id": 123,
        "isFrozen": "0",
        "last": "48.02859996",
        "low24hr": "46.78742258",
        "lowestAsk": "48.01340000",
        "pair": "USDT_LTC",
        "percentChange": "0.01440271",
        "quoteVolume": "5805.05160034",
        "rank": 12,
      },
      Object {
        "baseVolume": "105421.57989480",
        "high24hr": "0.08678717",
        "highestBid": "0.08660802",
        "id": 125,
        "isFrozen": "0",
        "last": "0.08644319",
        "low24hr": "0.07903981",
        "lowestAsk": "0.08693962",
        "pair": "USDT_STR",
        "percentChange": "0.06898375",
        "quoteVolume": "1263112.50002425",
        "rank": 13,
      },
      Object {
        "baseVolume": "158770.38535212",
        "high24hr": "127.62197584",
        "highestBid": "127.36926716",
        "id": 126,
        "isFrozen": "0",
        "last": "127.54118432",
        "low24hr": "120.52308198",
        "lowestAsk": "127.62197588",
        "pair": "USDT_XMR",
        "percentChange": "0.04926335",
        "quoteVolume": "1280.36164973",
        "rank": 14,
      },
      Object {
        "baseVolume": "419230.97110864",
        "high24hr": "0.24910000",
        "highestBid": "0.24833931",
        "id": 127,
        "isFrozen": "0",
        "last": "0.24860485",
        "low24hr": "0.24018085",
        "lowestAsk": "0.24881690",
        "pair": "USDT_XRP",
        "percentChange": "0.02792086",
        "quoteVolume": "1714984.90379731",
        "rank": 15,
      },
      Object {
        "baseVolume": "96.61255993",
        "high24hr": "0.03296596",
        "highestBid": "0.03264800",
        "id": 148,
        "isFrozen": "0",
        "last": "0.03266396",
        "low24hr": "0.03258807",
        "lowestAsk": "0.03267720",
        "pair": "BTC_ETH",
        "percentChange": "-0.00004316",
        "quoteVolume": "2946.93039527",
        "rank": 16,
      },
      Object {
        "baseVolume": "3911204.89266007",
        "high24hr": "381.10000000",
        "highestBid": "380.21224342",
        "id": 149,
        "isFrozen": "0",
        "last": "380.49307959",
        "low24hr": "372.77701198",
        "lowestAsk": "380.43603838",
        "pair": "USDT_ETH",
        "percentChange": "0.01915730",
        "quoteVolume": "10402.65600219",
        "rank": 17,
      },
      Object {
        "baseVolume": "1.56717165",
        "high24hr": "0.00000026",
        "highestBid": "0.00000024",
        "id": 150,
        "isFrozen": "0",
        "last": "0.00000025",
        "low24hr": "0.00000025",
        "lowestAsk": "0.00000025",
        "pair": "BTC_SC",
        "percentChange": "0.00000000",
        "quoteVolume": "6268009.26541687",
        "rank": 18,
      },
      Object {
        "baseVolume": "0.10258705",
        "high24hr": "0.00107702",
        "highestBid": "0.00104497",
        "id": 162,
        "isFrozen": "0",
        "last": "0.00105540",
        "low24hr": "0.00104062",
        "lowestAsk": "0.00105484",
        "pair": "BTC_DCR",
        "percentChange": "-0.00603686",
        "quoteVolume": "97.33920583",
        "rank": 19,
      },
      Object {
        "baseVolume": "0.06212351",
        "high24hr": "0.00009796",
        "highestBid": "0.00009580",
        "id": 163,
        "isFrozen": "0",
        "last": "0.00009596",
        "low24hr": "0.00009289",
        "lowestAsk": "0.00009723",
        "pair": "BTC_LSK",
        "percentChange": "0.03304984",
        "quoteVolume": "640.59556221",
        "rank": 20,
      },
    ]
  }
>
  <styled.div>
    <div
      className="sc-bdnylx fxDGUd"
    >
      <styled.div>
        <div
          className="sc-dlnjPT eiahZv"
        >
          <Styled(styled.div)
            data-testid="header-label"
            key="Rank"
            onClick={[Function]}
          >
            <div
              className="sc-hKFyIo sc-eCApGN juOHpl ZUlhp"
              data-testid="header-label"
              onClick={[Function]}
            >
              Rank
            </div>
          </Styled(styled.div)>
          <Styled(styled.div)
            data-testid="header-label"
            key="Pairs"
            onClick={[Function]}
          >
            <div
              className="sc-hKFyIo sc-eCApGN juOHpl ZUlhp"
              data-testid="header-label"
              onClick={[Function]}
            >
              Pairs
            </div>
          </Styled(styled.div)>
          <Styled(styled.div)
            data-testid="header-label"
            key="Last Price"
            onClick={[Function]}
          >
            <div
              className="sc-hKFyIo sc-eCApGN juOHpl ZUlhp"
              data-testid="header-label"
              onClick={[Function]}
            >
              Last Price
            </div>
          </Styled(styled.div)>
          <Styled(styled.div)
            data-testid="header-label"
            key="Change(24hrs)"
            onClick={[Function]}
          >
            <div
              className="sc-hKFyIo sc-eCApGN juOHpl ZUlhp"
              data-testid="header-label"
              onClick={[Function]}
            >
              Change(24hrs)
            </div>
          </Styled(styled.div)>
          <Styled(styled.div)
            data-testid="header-label"
            key="Base Volume"
            onClick={[Function]}
          >
            <div
              className="sc-hKFyIo sc-eCApGN juOHpl ZUlhp"
              data-testid="header-label"
              onClick={[Function]}
            >
              Base Volume
            </div>
          </Styled(styled.div)>
          <Styled(styled.div)
            data-testid="header-label"
            key="Quote Volume"
            onClick={[Function]}
          >
            <div
              className="sc-hKFyIo sc-eCApGN juOHpl ZUlhp"
              data-testid="header-label"
              onClick={[Function]}
            >
              Quote Volume
            </div>
          </Styled(styled.div)>
          <Styled(styled.div)
            data-testid="header-label"
            key="Highest Bid"
            onClick={[Function]}
          >
            <div
              className="sc-hKFyIo sc-eCApGN juOHpl ZUlhp"
              data-testid="header-label"
              onClick={[Function]}
            >
              Highest Bid
            </div>
          </Styled(styled.div)>
          <Styled(styled.div)
            data-testid="header-label"
            key="Lower Ask"
            onClick={[Function]}
          >
            <div
              className="sc-hKFyIo sc-eCApGN juOHpl ZUlhp"
              data-testid="header-label"
              onClick={[Function]}
            >
              Lower Ask
            </div>
          </Styled(styled.div)>
          <Styled(styled.div)
            data-testid="header-label"
            key="Price (7d)"
            onClick={[Function]}
          >
            <div
              className="sc-hKFyIo sc-eCApGN juOHpl ZUlhp"
              data-testid="header-label"
              onClick={[Function]}
            >
              Price (7d)
            </div>
          </Styled(styled.div)>
        </div>
      </styled.div>
      <styled.div
        key="BTC_BTS"
        onClick={[Function]}
      >
        <div
          className="sc-gtssRu dCsyhY"
          onClick={[Function]}
        >
          <div
            data-testid="coin-pair"
          >
            <styled.div>
              <div
                className="sc-dlnjPT eiahZv"
              >
                <styled.div>
                  <div
                    className="sc-hKFyIo juOHpl"
                  >
                    <span
                      data-testid="coin-rank"
                    >
                      1
                    </span>
                  </div>
                </styled.div>
                <styled.div>
                  <div
                    className="sc-hKFyIo juOHpl"
                  >
                    BTC/BTS
                  </div>
                </styled.div>
                <styled.div>
                  <div
                    className="sc-hKFyIo juOHpl"
                  >
                    0.00000160
                  </div>
                </styled.div>
                <styled.div
                  data-testid="coin-change"
                >
                  <div
                    className="sc-hKFyIo juOHpl"
                    data-testid="coin-change"
                  >
                    -0.01840491
                  </div>
                </styled.div>
                <styled.div>
                  <div
                    className="sc-hKFyIo juOHpl"
                  >
                    0.05158213
                  </div>
                </styled.div>
                <styled.div>
                  <div
                    className="sc-hKFyIo juOHpl"
                  >
                    31682.25464412
                  </div>
                </styled.div>
                <styled.div>
                  <div
                    className="sc-hKFyIo juOHpl"
                  >
                    0.00000159
                  </div>
                </styled.div>
                <styled.div>
                  <div
                    className="sc-hKFyIo juOHpl"
                  >
                    0.00000161
                  </div>
                </styled.div>
              </div>
            </styled.div>
          </div>
        </div>
      </styled.div>
      <styled.div
        key="BTC_DASH"
        onClick={[Function]}
      >
        <div
          className="sc-gtssRu dCsyhY"
          onClick={[Function]}
        >
          <div
            data-testid="coin-pair"
          >
            <styled.div>
              <div
                className="sc-dlnjPT eiahZv"
              >
                <styled.div>
                  <div
                    className="sc-hKFyIo juOHpl"
                  >
                    <span
                      data-testid="coin-rank"
                    >
                      2
                    </span>
                  </div>
                </styled.div>
                <styled.div>
                  <div
                    className="sc-hKFyIo juOHpl"
                  >
                    BTC/DASH
                  </div>
                </styled.div>
                <styled.div>
                  <div
                    className="sc-hKFyIo juOHpl"
                  >
                    0.00578500
                  </div>
                </styled.div>
                <styled.div
                  data-testid="coin-change"
                >
                  <div
                    className="sc-hKFyIo juOHpl"
                    data-testid="coin-change"
                  >
                    -0.00640128
                  </div>
                </styled.div>
                <styled.div>
                  <div
                    className="sc-hKFyIo juOHpl"
                  >
                    0.99315001
                  </div>
                </styled.div>
                <styled.div>
                  <div
                    className="sc-hKFyIo juOHpl"
                  >
                    170.11597312
                  </div>
                </styled.div>
                <styled.div>
                  <div
                    className="sc-hKFyIo juOHpl"
                  >
                    0.00578030
                  </div>
                </styled.div>
                <styled.div>
                  <div
                    className="sc-hKFyIo juOHpl"
                  >
                    0.00579220
                  </div>
                </styled.div>
              </div>
            </styled.div>
          </div>
        </div>
      </styled.div>
      <styled.div
        key="BTC_DOGE"
        onClick={[Function]}
      >
        <div
          className="sc-gtssRu dCsyhY"
          onClick={[Function]}
        >
          <div
            data-testid="coin-pair"
          >
            <styled.div>
              <div
                className="sc-dlnjPT eiahZv"
              >
                <styled.div>
                  <div
                    className="sc-hKFyIo juOHpl"
                  >
                    <span
                      data-testid="coin-rank"
                    >
                      3
                    </span>
                  </div>
                </styled.div>
                <styled.div>
                  <div
                    className="sc-hKFyIo juOHpl"
                  >
                    BTC/DOGE
                  </div>
                </styled.div>
                <styled.div>
                  <div
                    className="sc-hKFyIo juOHpl"
                  >
                    0.00000022
                  </div>
                </styled.div>
                <styled.div
                  data-testid="coin-change"
                >
                  <div
                    className="sc-hKFyIo juOHpl"
                    data-testid="coin-change"
                  >
                    0.00000000
                  </div>
                </styled.div>
                <styled.div>
                  <div
                    className="sc-hKFyIo juOHpl"
                  >
                    0.44241715
                  </div>
                </styled.div>
                <styled.div>
                  <div
                    className="sc-hKFyIo juOHpl"
                  >
                    1987691.67334738
                  </div>
                </styled.div>
                <styled.div>
                  <div
                    className="sc-hKFyIo juOHpl"
                  >
                    0.00000022
                  </div>
                </styled.div>
                <styled.div>
                  <div
                    className="sc-hKFyIo juOHpl"
                  >
                    0.00000023
                  </div>
                </styled.div>
              </div>
            </styled.div>
          </div>
        </div>
      </styled.div>
      <styled.div
        key="BTC_LTC"
        onClick={[Function]}
      >
        <div
          className="sc-gtssRu dCsyhY"
          onClick={[Function]}
        >
          <div
            data-testid="coin-pair"
          >
            <styled.div>
              <div
                className="sc-dlnjPT eiahZv"
              >
                <styled.div>
                  <div
                    className="sc-hKFyIo juOHpl"
                  >
                    <span
                      data-testid="coin-rank"
                    >
                      4
                    </span>
                  </div>
                </styled.div>
                <styled.div>
                  <div
                    className="sc-hKFyIo juOHpl"
                  >
                    BTC/LTC
                  </div>
                </styled.div>
                <styled.div>
                  <div
                    className="sc-hKFyIo juOHpl"
                  >
                    0.00411753
                  </div>
                </styled.div>
                <styled.div
                  data-testid="coin-change"
                >
                  <div
                    className="sc-hKFyIo juOHpl"
                    data-testid="coin-change"
                  >
                    -0.00604935
                  </div>
                </styled.div>
                <styled.div>
                  <div
                    className="sc-hKFyIo juOHpl"
                  >
                    20.82957180
                  </div>
                </styled.div>
                <styled.div>
                  <div
                    className="sc-hKFyIo juOHpl"
                  >
                    5039.72562179
                  </div>
                </styled.div>
                <styled.div>
                  <div
                    className="sc-hKFyIo juOHpl"
                  >
                    0.00411297
                  </div>
                </styled.div>
                <styled.div>
                  <div
                    className="sc-hKFyIo juOHpl"
                  >
                    0.00411799
                  </div>
                </styled.div>
              </div>
            </styled.div>
          </div>
        </div>
      </styled.div>
      <styled.div
        key="BTC_NXT"
        onClick={[Function]}
      >
        <div
          className="sc-gtssRu dCsyhY"
          onClick={[Function]}
        >
          <div
            data-testid="coin-pair"
          >
            <styled.div>
              <div
                className="sc-dlnjPT eiahZv"
              >
                <styled.div>
                  <div
                    className="sc-hKFyIo juOHpl"
                  >
                    <span
                      data-testid="coin-rank"
                    >
                      5
                    </span>
                  </div>
                </styled.div>
                <styled.div>
                  <div
                    className="sc-hKFyIo juOHpl"
                  >
                    BTC/NXT
                  </div>
                </styled.div>
                <styled.div>
                  <div
                    className="sc-hKFyIo juOHpl"
                  >
                    0.00000081
                  </div>
                </styled.div>
                <styled.div
                  data-testid="coin-change"
                >
                  <div
                    className="sc-hKFyIo juOHpl"
                    data-testid="coin-change"
                  >
                    -0.04705882
                  </div>
                </styled.div>
                <styled.div>
                  <div
                    className="sc-hKFyIo juOHpl"
                  >
                    0.29210100
                  </div>
                </styled.div>
                <styled.div>
                  <div
                    className="sc-hKFyIo juOHpl"
                  >
                    354087.56638949
                  </div>
                </styled.div>
                <styled.div>
                  <div
                    className="sc-hKFyIo juOHpl"
                  >
                    0.00000081
                  </div>
                </styled.div>
                <styled.div>
                  <div
                    className="sc-hKFyIo juOHpl"
                  >
                    0.00000083
                  </div>
                </styled.div>
              </div>
            </styled.div>
          </div>
        </div>
      </styled.div>
      <styled.div
        key="BTC_STR"
        onClick={[Function]}
      >
        <div
          className="sc-gtssRu dCsyhY"
          onClick={[Function]}
        >
          <div
            data-testid="coin-pair"
          >
            <styled.div>
              <div
                className="sc-dlnjPT eiahZv"
              >
                <styled.div>
                  <div
                    className="sc-hKFyIo juOHpl"
                  >
                    <span
                      data-testid="coin-rank"
                    >
                      6
                    </span>
                  </div>
                </styled.div>
                <styled.div>
                  <div
                    className="sc-hKFyIo juOHpl"
                  >
                    BTC/STR
                  </div>
                </styled.div>
                <styled.div>
                  <div
                    className="sc-hKFyIo juOHpl"
                  >
                    0.00000745
                  </div>
                </styled.div>
                <styled.div
                  data-testid="coin-change"
                >
                  <div
                    className="sc-hKFyIo juOHpl"
                    data-testid="coin-change"
                  >
                    0.05673758
                  </div>
                </styled.div>
                <styled.div>
                  <div
                    className="sc-hKFyIo juOHpl"
                  >
                    9.69934340
                  </div>
                </styled.div>
                <styled.div>
                  <div
                    className="sc-hKFyIo juOHpl"
                  >
                    1334013.13430447
                  </div>
                </styled.div>
                <styled.div>
                  <div
                    className="sc-hKFyIo juOHpl"
                  >
                    0.00000746
                  </div>
                </styled.div>
                <styled.div>
                  <div
                    className="sc-hKFyIo juOHpl"
                  >
                    0.00000748
                  </div>
                </styled.div>
              </div>
            </styled.div>
          </div>
        </div>
      </styled.div>
      <styled.div
        key="BTC_XEM"
        onClick={[Function]}
      >
        <div
          className="sc-gtssRu dCsyhY"
          onClick={[Function]}
        >
          <div
            data-testid="coin-pair"
          >
            <styled.div>
              <div
                className="sc-dlnjPT eiahZv"
              >
                <styled.div>
                  <div
                    className="sc-hKFyIo juOHpl"
                  >
                    <span
                      data-testid="coin-rank"
                    >
                      7
                    </span>
                  </div>
                </styled.div>
                <styled.div>
                  <div
                    className="sc-hKFyIo juOHpl"
                  >
                    BTC/XEM
                  </div>
                </styled.div>
                <styled.div>
                  <div
                    className="sc-hKFyIo juOHpl"
                  >
                    0.00000966
                  </div>
                </styled.div>
                <styled.div
                  data-testid="coin-change"
                >
                  <div
                    className="sc-hKFyIo juOHpl"
                    data-testid="coin-change"
                  >
                    -0.02522704
                  </div>
                </styled.div>
                <styled.div>
                  <div
                    className="sc-hKFyIo juOHpl"
                  >
                    4.58133415
                  </div>
                </styled.div>
                <styled.div>
                  <div
                    className="sc-hKFyIo juOHpl"
                  >
                    478795.07594177
                  </div>
                </styled.div>
                <styled.div>
                  <div
                    className="sc-hKFyIo juOHpl"
                  >
                    0.00000965
                  </div>
                </styled.div>
                <styled.div>
                  <div
                    className="sc-hKFyIo juOHpl"
                  >
                    0.00000972
                  </div>
                </styled.div>
              </div>
            </styled.div>
          </div>
        </div>
      </styled.div>
      <styled.div
        key="BTC_XMR"
        onClick={[Function]}
      >
        <div
          className="sc-gtssRu dCsyhY"
          onClick={[Function]}
        >
          <div
            data-testid="coin-pair"
          >
            <styled.div>
              <div
                className="sc-dlnjPT eiahZv"
              >
                <styled.div>
                  <div
                    className="sc-hKFyIo juOHpl"
                  >
                    <span
                      data-testid="coin-rank"
                    >
                      8
                    </span>
                  </div>
                </styled.div>
                <styled.div>
                  <div
                    className="sc-hKFyIo juOHpl"
                  >
                    BTC/XMR
                  </div>
                </styled.div>
                <styled.div>
                  <div
                    className="sc-hKFyIo juOHpl"
                  >
                    0.01093716
                  </div>
                </styled.div>
                <styled.div
                  data-testid="coin-change"
                >
                  <div
                    className="sc-hKFyIo juOHpl"
                    data-testid="coin-change"
                  >
                    0.02289198
                  </div>
                </styled.div>
                <styled.div>
                  <div
                    className="sc-hKFyIo juOHpl"
                  >
                    38.18800532
                  </div>
                </styled.div>
                <styled.div>
                  <div
                    className="sc-hKFyIo juOHpl"
                  >
                    3548.40670487
                  </div>
                </styled.div>
                <styled.div>
                  <div
                    className="sc-hKFyIo juOHpl"
                  >
                    0.01092296
                  </div>
                </styled.div>
                <styled.div>
                  <div
                    className="sc-hKFyIo juOHpl"
                  >
                    0.01094320
                  </div>
                </styled.div>
              </div>
            </styled.div>
          </div>
        </div>
      </styled.div>
      <styled.div
        key="BTC_XRP"
        onClick={[Function]}
      >
        <div
          className="sc-gtssRu dCsyhY"
          onClick={[Function]}
        >
          <div
            data-testid="coin-pair"
          >
            <styled.div>
              <div
                className="sc-dlnjPT eiahZv"
              >
                <styled.div>
                  <div
                    className="sc-hKFyIo juOHpl"
                  >
                    <span
                      data-testid="coin-rank"
                    >
                      9
                    </span>
                  </div>
                </styled.div>
                <styled.div>
                  <div
                    className="sc-hKFyIo juOHpl"
                  >
                    BTC/XRP
                  </div>
                </styled.div>
                <styled.div>
                  <div
                    className="sc-hKFyIo juOHpl"
                  >
                    0.00002133
                  </div>
                </styled.div>
                <styled.div
                  data-testid="coin-change"
                >
                  <div
                    className="sc-hKFyIo juOHpl"
                    data-testid="coin-change"
                  >
                    0.00755786
                  </div>
                </styled.div>
                <styled.div>
                  <div
                    className="sc-hKFyIo juOHpl"
                  >
                    75.39761485
                  </div>
                </styled.div>
                <styled.div>
                  <div
                    className="sc-hKFyIo juOHpl"
                  >
                    3541841.20904829
                  </div>
                </styled.div>
                <styled.div>
                  <div
                    className="sc-hKFyIo juOHpl"
                  >
                    0.00002132
                  </div>
                </styled.div>
                <styled.div>
                  <div
                    className="sc-hKFyIo juOHpl"
                  >
                    0.00002134
                  </div>
                </styled.div>
              </div>
            </styled.div>
          </div>
        </div>
      </styled.div>
      <styled.div
        key="USDT_BTC"
        onClick={[Function]}
      >
        <div
          className="sc-gtssRu dCsyhY"
          onClick={[Function]}
        >
          <div
            data-testid="coin-pair"
          >
            <styled.div>
              <div
                className="sc-dlnjPT eiahZv"
              >
                <styled.div>
                  <div
                    className="sc-hKFyIo juOHpl"
                  >
                    <span
                      data-testid="coin-rank"
                    >
                      10
                    </span>
                  </div>
                </styled.div>
                <styled.div>
                  <div
                    className="sc-hKFyIo juOHpl"
                  >
                    USDT/BTC
                  </div>
                </styled.div>
                <styled.div>
                  <div
                    className="sc-hKFyIo juOHpl"
                  >
                    11651.19886042
                  </div>
                </styled.div>
                <styled.div
                  data-testid="coin-change"
                >
                  <div
                    className="sc-hKFyIo juOHpl"
                    data-testid="coin-change"
                  >
                    0.01962941
                  </div>
                </styled.div>
                <styled.div>
                  <div
                    className="sc-hKFyIo juOHpl"
                  >
                    9186955.91173739
                  </div>
                </styled.div>
                <styled.div>
                  <div
                    className="sc-hKFyIo juOHpl"
                  >
                    799.79143287
                  </div>
                </styled.div>
                <styled.div>
                  <div
                    className="sc-hKFyIo juOHpl"
                  >
                    11651.19886042
                  </div>
                </styled.div>
                <styled.div>
                  <div
                    className="sc-hKFyIo juOHpl"
                  >
                    11651.45335770
                  </div>
                </styled.div>
              </div>
            </styled.div>
          </div>
        </div>
      </styled.div>
      <styled.div>
        <div
          className="sc-jSFkmK fUdupb"
        >
          <button
            data-testid="prev-page"
            disabled={true}
            onClick={[Function]}
            type="button"
          >
            PREVIOUS
          </button>
          <div>
            10/20
          </div>
          <button
            data-testid="next-page"
            disabled={false}
            onClick={[Function]}
            type="button"
          >
            NEXT
          </button>
        </div>
      </styled.div>
    </div>
  </styled.div>
</CoinsList>
`;

exports[`CoinRank should render pair rank and the rank must be in asc order 1`] = `
<CoinsList
  pairs={
    Array [
      Object {
        "baseVolume": "0.05158213",
        "high24hr": "0.00000167",
        "highestBid": "0.00000159",
        "id": 14,
        "isFrozen": "0",
        "last": "0.00000160",
        "low24hr": "0.00000160",
        "lowestAsk": "0.00000161",
        "pair": "BTC_BTS",
        "percentChange": "-0.01840491",
        "quoteVolume": "31682.25464412",
        "rank": 1,
      },
      Object {
        "baseVolume": "0.99315001",
        "high24hr": "0.00588997",
        "highestBid": "0.00578030",
        "id": 24,
        "isFrozen": "0",
        "last": "0.00578500",
        "low24hr": "0.00578540",
        "lowestAsk": "0.00579220",
        "pair": "BTC_DASH",
        "percentChange": "-0.00640128",
        "quoteVolume": "170.11597312",
        "rank": 2,
      },
      Object {
        "baseVolume": "0.44241715",
        "high24hr": "0.00000023",
        "highestBid": "0.00000022",
        "id": 27,
        "isFrozen": "0",
        "last": "0.00000022",
        "low24hr": "0.00000022",
        "lowestAsk": "0.00000023",
        "pair": "BTC_DOGE",
        "percentChange": "0.00000000",
        "quoteVolume": "1987691.67334738",
        "rank": 3,
      },
      Object {
        "baseVolume": "20.82957180",
        "high24hr": "0.00416916",
        "highestBid": "0.00411297",
        "id": 50,
        "isFrozen": "0",
        "last": "0.00411753",
        "low24hr": "0.00409798",
        "lowestAsk": "0.00411799",
        "pair": "BTC_LTC",
        "percentChange": "-0.00604935",
        "quoteVolume": "5039.72562179",
        "rank": 4,
      },
      Object {
        "baseVolume": "0.29210100",
        "high24hr": "0.00000085",
        "highestBid": "0.00000081",
        "id": 69,
        "isFrozen": "0",
        "last": "0.00000081",
        "low24hr": "0.00000080",
        "lowestAsk": "0.00000083",
        "pair": "BTC_NXT",
        "percentChange": "-0.04705882",
        "quoteVolume": "354087.56638949",
        "rank": 5,
      },
      Object {
        "baseVolume": "9.69934340",
        "high24hr": "0.00000749",
        "highestBid": "0.00000746",
        "id": 89,
        "isFrozen": "0",
        "last": "0.00000745",
        "low24hr": "0.00000690",
        "lowestAsk": "0.00000748",
        "pair": "BTC_STR",
        "percentChange": "0.05673758",
        "quoteVolume": "1334013.13430447",
        "rank": 6,
      },
      Object {
        "baseVolume": "4.58133415",
        "high24hr": "0.00001004",
        "highestBid": "0.00000965",
        "id": 112,
        "isFrozen": "0",
        "last": "0.00000966",
        "low24hr": "0.00000945",
        "lowestAsk": "0.00000972",
        "pair": "BTC_XEM",
        "percentChange": "-0.02522704",
        "quoteVolume": "478795.07594177",
        "rank": 7,
      },
      Object {
        "baseVolume": "38.18800532",
        "high24hr": "0.01104392",
        "highestBid": "0.01092296",
        "id": 114,
        "isFrozen": "0",
        "last": "0.01093716",
        "low24hr": "0.01053469",
        "lowestAsk": "0.01094320",
        "pair": "BTC_XMR",
        "percentChange": "0.02289198",
        "quoteVolume": "3548.40670487",
        "rank": 8,
      },
      Object {
        "baseVolume": "75.39761485",
        "high24hr": "0.00002166",
        "highestBid": "0.00002132",
        "id": 117,
        "isFrozen": "0",
        "last": "0.00002133",
        "low24hr": "0.00002100",
        "lowestAsk": "0.00002134",
        "pair": "BTC_XRP",
        "percentChange": "0.00755786",
        "quoteVolume": "3541841.20904829",
        "rank": 9,
      },
      Object {
        "baseVolume": "9186955.91173739",
        "high24hr": "11664.26620000",
        "highestBid": "11651.19886042",
        "id": 121,
        "isFrozen": "0",
        "last": "11651.19886042",
        "low24hr": "11408.81900337",
        "lowestAsk": "11651.45335770",
        "pair": "USDT_BTC",
        "percentChange": "0.01962941",
        "quoteVolume": "799.79143287",
        "rank": 10,
      },
      Object {
        "baseVolume": "5179.81789741",
        "high24hr": "67.39396291",
        "highestBid": "67.38610356",
        "id": 122,
        "isFrozen": "0",
        "last": "67.28825895",
        "low24hr": "66.34829276",
        "lowestAsk": "67.44468731",
        "pair": "USDT_DASH",
        "percentChange": "0.00973391",
        "quoteVolume": "77.39927563",
        "rank": 11,
      },
      Object {
        "baseVolume": "275380.51672451",
        "high24hr": "48.06005758",
        "highestBid": "47.93898219",
        "id": 123,
        "isFrozen": "0",
        "last": "48.02859996",
        "low24hr": "46.78742258",
        "lowestAsk": "48.01340000",
        "pair": "USDT_LTC",
        "percentChange": "0.01440271",
        "quoteVolume": "5805.05160034",
        "rank": 12,
      },
      Object {
        "baseVolume": "105421.57989480",
        "high24hr": "0.08678717",
        "highestBid": "0.08660802",
        "id": 125,
        "isFrozen": "0",
        "last": "0.08644319",
        "low24hr": "0.07903981",
        "lowestAsk": "0.08693962",
        "pair": "USDT_STR",
        "percentChange": "0.06898375",
        "quoteVolume": "1263112.50002425",
        "rank": 13,
      },
      Object {
        "baseVolume": "158770.38535212",
        "high24hr": "127.62197584",
        "highestBid": "127.36926716",
        "id": 126,
        "isFrozen": "0",
        "last": "127.54118432",
        "low24hr": "120.52308198",
        "lowestAsk": "127.62197588",
        "pair": "USDT_XMR",
        "percentChange": "0.04926335",
        "quoteVolume": "1280.36164973",
        "rank": 14,
      },
      Object {
        "baseVolume": "419230.97110864",
        "high24hr": "0.24910000",
        "highestBid": "0.24833931",
        "id": 127,
        "isFrozen": "0",
        "last": "0.24860485",
        "low24hr": "0.24018085",
        "lowestAsk": "0.24881690",
        "pair": "USDT_XRP",
        "percentChange": "0.02792086",
        "quoteVolume": "1714984.90379731",
        "rank": 15,
      },
      Object {
        "baseVolume": "96.61255993",
        "high24hr": "0.03296596",
        "highestBid": "0.03264800",
        "id": 148,
        "isFrozen": "0",
        "last": "0.03266396",
        "low24hr": "0.03258807",
        "lowestAsk": "0.03267720",
        "pair": "BTC_ETH",
        "percentChange": "-0.00004316",
        "quoteVolume": "2946.93039527",
        "rank": 16,
      },
      Object {
        "baseVolume": "3911204.89266007",
        "high24hr": "381.10000000",
        "highestBid": "380.21224342",
        "id": 149,
        "isFrozen": "0",
        "last": "380.49307959",
        "low24hr": "372.77701198",
        "lowestAsk": "380.43603838",
        "pair": "USDT_ETH",
        "percentChange": "0.01915730",
        "quoteVolume": "10402.65600219",
        "rank": 17,
      },
      Object {
        "baseVolume": "1.56717165",
        "high24hr": "0.00000026",
        "highestBid": "0.00000024",
        "id": 150,
        "isFrozen": "0",
        "last": "0.00000025",
        "low24hr": "0.00000025",
        "lowestAsk": "0.00000025",
        "pair": "BTC_SC",
        "percentChange": "0.00000000",
        "quoteVolume": "6268009.26541687",
        "rank": 18,
      },
      Object {
        "baseVolume": "0.10258705",
        "high24hr": "0.00107702",
        "highestBid": "0.00104497",
        "id": 162,
        "isFrozen": "0",
        "last": "0.00105540",
        "low24hr": "0.00104062",
        "lowestAsk": "0.00105484",
        "pair": "BTC_DCR",
        "percentChange": "-0.00603686",
        "quoteVolume": "97.33920583",
        "rank": 19,
      },
      Object {
        "baseVolume": "0.06212351",
        "high24hr": "0.00009796",
        "highestBid": "0.00009580",
        "id": 163,
        "isFrozen": "0",
        "last": "0.00009596",
        "low24hr": "0.00009289",
        "lowestAsk": "0.00009723",
        "pair": "BTC_LSK",
        "percentChange": "0.03304984",
        "quoteVolume": "640.59556221",
        "rank": 20,
      },
    ]
  }
>
  <styled.div>
    <div
      className="sc-bdnylx fxDGUd"
    >
      <styled.div>
        <div
          className="sc-dlnjPT eiahZv"
        >
          <Styled(styled.div)
            data-testid="header-label"
            key="Rank"
            onClick={[Function]}
          >
            <div
              className="sc-hKFyIo sc-eCApGN juOHpl ZUlhp"
              data-testid="header-label"
              onClick={[Function]}
            >
              Rank
            </div>
          </Styled(styled.div)>
          <Styled(styled.div)
            data-testid="header-label"
            key="Pairs"
            onClick={[Function]}
          >
            <div
              className="sc-hKFyIo sc-eCApGN juOHpl ZUlhp"
              data-testid="header-label"
              onClick={[Function]}
            >
              Pairs
            </div>
          </Styled(styled.div)>
          <Styled(styled.div)
            data-testid="header-label"
            key="Last Price"
            onClick={[Function]}
          >
            <div
              className="sc-hKFyIo sc-eCApGN juOHpl ZUlhp"
              data-testid="header-label"
              onClick={[Function]}
            >
              Last Price
            </div>
          </Styled(styled.div)>
          <Styled(styled.div)
            data-testid="header-label"
            key="Change(24hrs)"
            onClick={[Function]}
          >
            <div
              className="sc-hKFyIo sc-eCApGN juOHpl ZUlhp"
              data-testid="header-label"
              onClick={[Function]}
            >
              Change(24hrs)
            </div>
          </Styled(styled.div)>
          <Styled(styled.div)
            data-testid="header-label"
            key="Base Volume"
            onClick={[Function]}
          >
            <div
              className="sc-hKFyIo sc-eCApGN juOHpl ZUlhp"
              data-testid="header-label"
              onClick={[Function]}
            >
              Base Volume
            </div>
          </Styled(styled.div)>
          <Styled(styled.div)
            data-testid="header-label"
            key="Quote Volume"
            onClick={[Function]}
          >
            <div
              className="sc-hKFyIo sc-eCApGN juOHpl ZUlhp"
              data-testid="header-label"
              onClick={[Function]}
            >
              Quote Volume
            </div>
          </Styled(styled.div)>
          <Styled(styled.div)
            data-testid="header-label"
            key="Highest Bid"
            onClick={[Function]}
          >
            <div
              className="sc-hKFyIo sc-eCApGN juOHpl ZUlhp"
              data-testid="header-label"
              onClick={[Function]}
            >
              Highest Bid
            </div>
          </Styled(styled.div)>
          <Styled(styled.div)
            data-testid="header-label"
            key="Lower Ask"
            onClick={[Function]}
          >
            <div
              className="sc-hKFyIo sc-eCApGN juOHpl ZUlhp"
              data-testid="header-label"
              onClick={[Function]}
            >
              Lower Ask
            </div>
          </Styled(styled.div)>
          <Styled(styled.div)
            data-testid="header-label"
            key="Price (7d)"
            onClick={[Function]}
          >
            <div
              className="sc-hKFyIo sc-eCApGN juOHpl ZUlhp"
              data-testid="header-label"
              onClick={[Function]}
            >
              Price (7d)
            </div>
          </Styled(styled.div)>
        </div>
      </styled.div>
      <styled.div
        key="BTC_BTS"
        onClick={[Function]}
      >
        <div
          className="sc-gtssRu dCsyhY"
          onClick={[Function]}
        >
          <div
            data-testid="coin-pair"
          >
            <styled.div>
              <div
                className="sc-dlnjPT eiahZv"
              >
                <styled.div>
                  <div
                    className="sc-hKFyIo juOHpl"
                  >
                    <span
                      data-testid="coin-rank"
                    >
                      1
                    </span>
                  </div>
                </styled.div>
                <styled.div>
                  <div
                    className="sc-hKFyIo juOHpl"
                  >
                    BTC/BTS
                  </div>
                </styled.div>
                <styled.div>
                  <div
                    className="sc-hKFyIo juOHpl"
                  >
                    0.00000160
                  </div>
                </styled.div>
                <styled.div
                  data-testid="coin-change"
                >
                  <div
                    className="sc-hKFyIo juOHpl"
                    data-testid="coin-change"
                  >
                    -0.01840491
                  </div>
                </styled.div>
                <styled.div>
                  <div
                    className="sc-hKFyIo juOHpl"
                  >
                    0.05158213
                  </div>
                </styled.div>
                <styled.div>
                  <div
                    className="sc-hKFyIo juOHpl"
                  >
                    31682.25464412
                  </div>
                </styled.div>
                <styled.div>
                  <div
                    className="sc-hKFyIo juOHpl"
                  >
                    0.00000159
                  </div>
                </styled.div>
                <styled.div>
                  <div
                    className="sc-hKFyIo juOHpl"
                  >
                    0.00000161
                  </div>
                </styled.div>
              </div>
            </styled.div>
          </div>
        </div>
      </styled.div>
      <styled.div
        key="BTC_DASH"
        onClick={[Function]}
      >
        <div
          className="sc-gtssRu dCsyhY"
          onClick={[Function]}
        >
          <div
            data-testid="coin-pair"
          >
            <styled.div>
              <div
                className="sc-dlnjPT eiahZv"
              >
                <styled.div>
                  <div
                    className="sc-hKFyIo juOHpl"
                  >
                    <span
                      data-testid="coin-rank"
                    >
                      2
                    </span>
                  </div>
                </styled.div>
                <styled.div>
                  <div
                    className="sc-hKFyIo juOHpl"
                  >
                    BTC/DASH
                  </div>
                </styled.div>
                <styled.div>
                  <div
                    className="sc-hKFyIo juOHpl"
                  >
                    0.00578500
                  </div>
                </styled.div>
                <styled.div
                  data-testid="coin-change"
                >
                  <div
                    className="sc-hKFyIo juOHpl"
                    data-testid="coin-change"
                  >
                    -0.00640128
                  </div>
                </styled.div>
                <styled.div>
                  <div
                    className="sc-hKFyIo juOHpl"
                  >
                    0.99315001
                  </div>
                </styled.div>
                <styled.div>
                  <div
                    className="sc-hKFyIo juOHpl"
                  >
                    170.11597312
                  </div>
                </styled.div>
                <styled.div>
                  <div
                    className="sc-hKFyIo juOHpl"
                  >
                    0.00578030
                  </div>
                </styled.div>
                <styled.div>
                  <div
                    className="sc-hKFyIo juOHpl"
                  >
                    0.00579220
                  </div>
                </styled.div>
              </div>
            </styled.div>
          </div>
        </div>
      </styled.div>
      <styled.div
        key="BTC_DOGE"
        onClick={[Function]}
      >
        <div
          className="sc-gtssRu dCsyhY"
          onClick={[Function]}
        >
          <div
            data-testid="coin-pair"
          >
            <styled.div>
              <div
                className="sc-dlnjPT eiahZv"
              >
                <styled.div>
                  <div
                    className="sc-hKFyIo juOHpl"
                  >
                    <span
                      data-testid="coin-rank"
                    >
                      3
                    </span>
                  </div>
                </styled.div>
                <styled.div>
                  <div
                    className="sc-hKFyIo juOHpl"
                  >
                    BTC/DOGE
                  </div>
                </styled.div>
                <styled.div>
                  <div
                    className="sc-hKFyIo juOHpl"
                  >
                    0.00000022
                  </div>
                </styled.div>
                <styled.div
                  data-testid="coin-change"
                >
                  <div
                    className="sc-hKFyIo juOHpl"
                    data-testid="coin-change"
                  >
                    0.00000000
                  </div>
                </styled.div>
                <styled.div>
                  <div
                    className="sc-hKFyIo juOHpl"
                  >
                    0.44241715
                  </div>
                </styled.div>
                <styled.div>
                  <div
                    className="sc-hKFyIo juOHpl"
                  >
                    1987691.67334738
                  </div>
                </styled.div>
                <styled.div>
                  <div
                    className="sc-hKFyIo juOHpl"
                  >
                    0.00000022
                  </div>
                </styled.div>
                <styled.div>
                  <div
                    className="sc-hKFyIo juOHpl"
                  >
                    0.00000023
                  </div>
                </styled.div>
              </div>
            </styled.div>
          </div>
        </div>
      </styled.div>
      <styled.div
        key="BTC_LTC"
        onClick={[Function]}
      >
        <div
          className="sc-gtssRu dCsyhY"
          onClick={[Function]}
        >
          <div
            data-testid="coin-pair"
          >
            <styled.div>
              <div
                className="sc-dlnjPT eiahZv"
              >
                <styled.div>
                  <div
                    className="sc-hKFyIo juOHpl"
                  >
                    <span
                      data-testid="coin-rank"
                    >
                      4
                    </span>
                  </div>
                </styled.div>
                <styled.div>
                  <div
                    className="sc-hKFyIo juOHpl"
                  >
                    BTC/LTC
                  </div>
                </styled.div>
                <styled.div>
                  <div
                    className="sc-hKFyIo juOHpl"
                  >
                    0.00411753
                  </div>
                </styled.div>
                <styled.div
                  data-testid="coin-change"
                >
                  <div
                    className="sc-hKFyIo juOHpl"
                    data-testid="coin-change"
                  >
                    -0.00604935
                  </div>
                </styled.div>
                <styled.div>
                  <div
                    className="sc-hKFyIo juOHpl"
                  >
                    20.82957180
                  </div>
                </styled.div>
                <styled.div>
                  <div
                    className="sc-hKFyIo juOHpl"
                  >
                    5039.72562179
                  </div>
                </styled.div>
                <styled.div>
                  <div
                    className="sc-hKFyIo juOHpl"
                  >
                    0.00411297
                  </div>
                </styled.div>
                <styled.div>
                  <div
                    className="sc-hKFyIo juOHpl"
                  >
                    0.00411799
                  </div>
                </styled.div>
              </div>
            </styled.div>
          </div>
        </div>
      </styled.div>
      <styled.div
        key="BTC_NXT"
        onClick={[Function]}
      >
        <div
          className="sc-gtssRu dCsyhY"
          onClick={[Function]}
        >
          <div
            data-testid="coin-pair"
          >
            <styled.div>
              <div
                className="sc-dlnjPT eiahZv"
              >
                <styled.div>
                  <div
                    className="sc-hKFyIo juOHpl"
                  >
                    <span
                      data-testid="coin-rank"
                    >
                      5
                    </span>
                  </div>
                </styled.div>
                <styled.div>
                  <div
                    className="sc-hKFyIo juOHpl"
                  >
                    BTC/NXT
                  </div>
                </styled.div>
                <styled.div>
                  <div
                    className="sc-hKFyIo juOHpl"
                  >
                    0.00000081
                  </div>
                </styled.div>
                <styled.div
                  data-testid="coin-change"
                >
                  <div
                    className="sc-hKFyIo juOHpl"
                    data-testid="coin-change"
                  >
                    -0.04705882
                  </div>
                </styled.div>
                <styled.div>
                  <div
                    className="sc-hKFyIo juOHpl"
                  >
                    0.29210100
                  </div>
                </styled.div>
                <styled.div>
                  <div
                    className="sc-hKFyIo juOHpl"
                  >
                    354087.56638949
                  </div>
                </styled.div>
                <styled.div>
                  <div
                    className="sc-hKFyIo juOHpl"
                  >
                    0.00000081
                  </div>
                </styled.div>
                <styled.div>
                  <div
                    className="sc-hKFyIo juOHpl"
                  >
                    0.00000083
                  </div>
                </styled.div>
              </div>
            </styled.div>
          </div>
        </div>
      </styled.div>
      <styled.div
        key="BTC_STR"
        onClick={[Function]}
      >
        <div
          className="sc-gtssRu dCsyhY"
          onClick={[Function]}
        >
          <div
            data-testid="coin-pair"
          >
            <styled.div>
              <div
                className="sc-dlnjPT eiahZv"
              >
                <styled.div>
                  <div
                    className="sc-hKFyIo juOHpl"
                  >
                    <span
                      data-testid="coin-rank"
                    >
                      6
                    </span>
                  </div>
                </styled.div>
                <styled.div>
                  <div
                    className="sc-hKFyIo juOHpl"
                  >
                    BTC/STR
                  </div>
                </styled.div>
                <styled.div>
                  <div
                    className="sc-hKFyIo juOHpl"
                  >
                    0.00000745
                  </div>
                </styled.div>
                <styled.div
                  data-testid="coin-change"
                >
                  <div
                    className="sc-hKFyIo juOHpl"
                    data-testid="coin-change"
                  >
                    0.05673758
                  </div>
                </styled.div>
                <styled.div>
                  <div
                    className="sc-hKFyIo juOHpl"
                  >
                    9.69934340
                  </div>
                </styled.div>
                <styled.div>
                  <div
                    className="sc-hKFyIo juOHpl"
                  >
                    1334013.13430447
                  </div>
                </styled.div>
                <styled.div>
                  <div
                    className="sc-hKFyIo juOHpl"
                  >
                    0.00000746
                  </div>
                </styled.div>
                <styled.div>
                  <div
                    className="sc-hKFyIo juOHpl"
                  >
                    0.00000748
                  </div>
                </styled.div>
              </div>
            </styled.div>
          </div>
        </div>
      </styled.div>
      <styled.div
        key="BTC_XEM"
        onClick={[Function]}
      >
        <div
          className="sc-gtssRu dCsyhY"
          onClick={[Function]}
        >
          <div
            data-testid="coin-pair"
          >
            <styled.div>
              <div
                className="sc-dlnjPT eiahZv"
              >
                <styled.div>
                  <div
                    className="sc-hKFyIo juOHpl"
                  >
                    <span
                      data-testid="coin-rank"
                    >
                      7
                    </span>
                  </div>
                </styled.div>
                <styled.div>
                  <div
                    className="sc-hKFyIo juOHpl"
                  >
                    BTC/XEM
                  </div>
                </styled.div>
                <styled.div>
                  <div
                    className="sc-hKFyIo juOHpl"
                  >
                    0.00000966
                  </div>
                </styled.div>
                <styled.div
                  data-testid="coin-change"
                >
                  <div
                    className="sc-hKFyIo juOHpl"
                    data-testid="coin-change"
                  >
                    -0.02522704
                  </div>
                </styled.div>
                <styled.div>
                  <div
                    className="sc-hKFyIo juOHpl"
                  >
                    4.58133415
                  </div>
                </styled.div>
                <styled.div>
                  <div
                    className="sc-hKFyIo juOHpl"
                  >
                    478795.07594177
                  </div>
                </styled.div>
                <styled.div>
                  <div
                    className="sc-hKFyIo juOHpl"
                  >
                    0.00000965
                  </div>
                </styled.div>
                <styled.div>
                  <div
                    className="sc-hKFyIo juOHpl"
                  >
                    0.00000972
                  </div>
                </styled.div>
              </div>
            </styled.div>
          </div>
        </div>
      </styled.div>
      <styled.div
        key="BTC_XMR"
        onClick={[Function]}
      >
        <div
          className="sc-gtssRu dCsyhY"
          onClick={[Function]}
        >
          <div
            data-testid="coin-pair"
          >
            <styled.div>
              <div
                className="sc-dlnjPT eiahZv"
              >
                <styled.div>
                  <div
                    className="sc-hKFyIo juOHpl"
                  >
                    <span
                      data-testid="coin-rank"
                    >
                      8
                    </span>
                  </div>
                </styled.div>
                <styled.div>
                  <div
                    className="sc-hKFyIo juOHpl"
                  >
                    BTC/XMR
                  </div>
                </styled.div>
                <styled.div>
                  <div
                    className="sc-hKFyIo juOHpl"
                  >
                    0.01093716
                  </div>
                </styled.div>
                <styled.div
                  data-testid="coin-change"
                >
                  <div
                    className="sc-hKFyIo juOHpl"
                    data-testid="coin-change"
                  >
                    0.02289198
                  </div>
                </styled.div>
                <styled.div>
                  <div
                    className="sc-hKFyIo juOHpl"
                  >
                    38.18800532
                  </div>
                </styled.div>
                <styled.div>
                  <div
                    className="sc-hKFyIo juOHpl"
                  >
                    3548.40670487
                  </div>
                </styled.div>
                <styled.div>
                  <div
                    className="sc-hKFyIo juOHpl"
                  >
                    0.01092296
                  </div>
                </styled.div>
                <styled.div>
                  <div
                    className="sc-hKFyIo juOHpl"
                  >
                    0.01094320
                  </div>
                </styled.div>
              </div>
            </styled.div>
          </div>
        </div>
      </styled.div>
      <styled.div
        key="BTC_XRP"
        onClick={[Function]}
      >
        <div
          className="sc-gtssRu dCsyhY"
          onClick={[Function]}
        >
          <div
            data-testid="coin-pair"
          >
            <styled.div>
              <div
                className="sc-dlnjPT eiahZv"
              >
                <styled.div>
                  <div
                    className="sc-hKFyIo juOHpl"
                  >
                    <span
                      data-testid="coin-rank"
                    >
                      9
                    </span>
                  </div>
                </styled.div>
                <styled.div>
                  <div
                    className="sc-hKFyIo juOHpl"
                  >
                    BTC/XRP
                  </div>
                </styled.div>
                <styled.div>
                  <div
                    className="sc-hKFyIo juOHpl"
                  >
                    0.00002133
                  </div>
                </styled.div>
                <styled.div
                  data-testid="coin-change"
                >
                  <div
                    className="sc-hKFyIo juOHpl"
                    data-testid="coin-change"
                  >
                    0.00755786
                  </div>
                </styled.div>
                <styled.div>
                  <div
                    className="sc-hKFyIo juOHpl"
                  >
                    75.39761485
                  </div>
                </styled.div>
                <styled.div>
                  <div
                    className="sc-hKFyIo juOHpl"
                  >
                    3541841.20904829
                  </div>
                </styled.div>
                <styled.div>
                  <div
                    className="sc-hKFyIo juOHpl"
                  >
                    0.00002132
                  </div>
                </styled.div>
                <styled.div>
                  <div
                    className="sc-hKFyIo juOHpl"
                  >
                    0.00002134
                  </div>
                </styled.div>
              </div>
            </styled.div>
          </div>
        </div>
      </styled.div>
      <styled.div
        key="USDT_BTC"
        onClick={[Function]}
      >
        <div
          className="sc-gtssRu dCsyhY"
          onClick={[Function]}
        >
          <div
            data-testid="coin-pair"
          >
            <styled.div>
              <div
                className="sc-dlnjPT eiahZv"
              >
                <styled.div>
                  <div
                    className="sc-hKFyIo juOHpl"
                  >
                    <span
                      data-testid="coin-rank"
                    >
                      10
                    </span>
                  </div>
                </styled.div>
                <styled.div>
                  <div
                    className="sc-hKFyIo juOHpl"
                  >
                    USDT/BTC
                  </div>
                </styled.div>
                <styled.div>
                  <div
                    className="sc-hKFyIo juOHpl"
                  >
                    11651.19886042
                  </div>
                </styled.div>
                <styled.div
                  data-testid="coin-change"
                >
                  <div
                    className="sc-hKFyIo juOHpl"
                    data-testid="coin-change"
                  >
                    0.01962941
                  </div>
                </styled.div>
                <styled.div>
                  <div
                    className="sc-hKFyIo juOHpl"
                  >
                    9186955.91173739
                  </div>
                </styled.div>
                <styled.div>
                  <div
                    className="sc-hKFyIo juOHpl"
                  >
                    799.79143287
                  </div>
                </styled.div>
                <styled.div>
                  <div
                    className="sc-hKFyIo juOHpl"
                  >
                    11651.19886042
                  </div>
                </styled.div>
                <styled.div>
                  <div
                    className="sc-hKFyIo juOHpl"
                  >
                    11651.45335770
                  </div>
                </styled.div>
              </div>
            </styled.div>
          </div>
        </div>
      </styled.div>
      <styled.div>
        <div
          className="sc-jSFkmK fUdupb"
        >
          <button
            data-testid="prev-page"
            disabled={true}
            onClick={[Function]}
            type="button"
          >
            PREVIOUS
          </button>
          <div>
            10/20
          </div>
          <button
            data-testid="next-page"
            disabled={false}
            onClick={[Function]}
            type="button"
          >
            NEXT
          </button>
        </div>
      </styled.div>
    </div>
  </styled.div>
</CoinsList>
`;
